// Jest Snapshot v1, https://goo.gl/fbAQLP

exports[`renders snapshot 1`] = `
<div>
  <div
    class="header"
  >
    <a
      href="/"
    >
      <img
        alt="logo bazar"
        class="header-logo"
        src="logo.png"
      />
    </a>
  </div>
</div>
`;
