// Jest Snapshot v1, https://goo.gl/fbAQLP

exports[`renders snapshot 1`] = `
<div
  class="header"
>
  <img
    alt="logo bazar"
    class="header-logo"
    src="logo.png"
  />
</div>
`;
