// Jest Snapshot v1, https://goo.gl/fbAQLP

exports[`renders snapshot 1`] = `
<div>
  <a>
    <img
      alt="alt"
      class="action-icon"
      src="left-arrow.svg"
    />
  </a>
</div>
`;
