// Jest Snapshot v1, https://goo.gl/fbAQLP

exports[`renders snapshot 1`] = `
<div>
  <a
    class="return-icon"
    href="/"
  >
    <img
      alt="Seta para retornar à página anterior"
      src="left-arrow.svg"
    />
    Voltar
  </a>
</div>
`;
